<html>
<body>
<pre>
<h1>µVision Build Log</h1>
<h2>Project:</h2>
C:\Users\ZCG\Desktop\Template\USER\Template.uvproj
Project File Date:  10/28/2014

<h2>Output:</h2>
Build target 'Template'
compiling main.c...
compiling stm32f10x_it.c...
compiling system_stm32f10x.c...
compiling core_cm3.c...
compiling misc.c...
compiling stm32f10x_gpio.c...
compiling stm32f10x_rcc.c...
compiling stm32f10x_usart.c...
compiling stm32f10x_dac.c...
compiling stm32f10x_dma.c...
compiling stm32f10x_tim.c...
compiling delay.c...
compiling sys.c...
compiling usart.c...
compiling DAC.c...
..\HARDWARE\DAC\DAC.c(5): error:  #20: identifier "GPIO_InitTypeDef" is undefined
..\HARDWARE\DAC\DAC.c(7): warning:  #223-D: function "RCC_APB2PeriphClockCmd" declared implicitly
..\HARDWARE\DAC\DAC.c(7): error:  #20: identifier "RCC_APB2Periph_AFIO" is undefined
..\HARDWARE\DAC\DAC.c(7): error:  #20: identifier "RCC_APB2Periph_GPIOA" is undefined
..\HARDWARE\DAC\DAC.c(7): error:  #20: identifier "ENABLE" is undefined
..\HARDWARE\DAC\DAC.c(9): error:  #20: identifier "GPIO_Pin_4" is undefined
..\HARDWARE\DAC\DAC.c(9): error:  #20: identifier "GPIO_Pin_5" is undefined
..\HARDWARE\DAC\DAC.c(10): error:  #20: identifier "GPIO_Mode_Out_PP" is undefined
..\HARDWARE\DAC\DAC.c(11): error:  #20: identifier "GPIO_Speed_50MHz" is undefined
..\HARDWARE\DAC\DAC.c(12): warning:  #223-D: function "GPIO_Init" declared implicitly
..\HARDWARE\DAC\DAC.c(12): error:  #20: identifier "GPIOA" is undefined
..\HARDWARE\DAC\DAC.c(17): error:  #20: identifier "DAC_InitTypeDef" is undefined
..\HARDWARE\DAC\DAC.c(19): warning:  #223-D: function "RCC_APB1PeriphClockCmd" declared implicitly
..\HARDWARE\DAC\DAC.c(19): error:  #20: identifier "RCC_APB1Periph_DAC" is undefined
..\HARDWARE\DAC\DAC.c(19): error:  #20: identifier "ENABLE" is undefined
..\HARDWARE\DAC\DAC.c(22): warning:  #223-D: function "DAC_StructInit" declared implicitly
..\HARDWARE\DAC\DAC.c(23): error:  #20: identifier "DAC_Trigger_T2_TRGO" is undefined
..\HARDWARE\DAC\DAC.c(24): error:  #20: identifier "DAC_WaveGeneration_None" is undefined
..\HARDWARE\DAC\DAC.c(25): error:  #20: identifier "DAC_OutputBuffer_Disable" is undefined
..\HARDWARE\DAC\DAC.c(26): warning:  #223-D: function "DAC_Init" declared implicitly
..\HARDWARE\DAC\DAC.c(26): error:  #20: identifier "DAC_Channel_1" is undefined
..\HARDWARE\DAC\DAC.c(29): error:  #20: identifier "DAC_Trigger_T6_TRGO" is undefined
..\HARDWARE\DAC\DAC.c(30): error:  #20: identifier "DAC_Channel_2" is undefined
..\HARDWARE\DAC\DAC.c(33): warning:  #223-D: function "DAC_Cmd" declared implicitly
..\HARDWARE\DAC\DAC.c(38): warning:  #223-D: function "DAC_DMACmd" declared implicitly
compiling DMA.c...
..\HARDWARE\DMA\DMA.c(3): error:  #20: identifier "uint16_t" is undefined
..\HARDWARE\DMA\DMA.c(33): error:  #20: identifier "DMA_InitTypeDef" is undefined
..\HARDWARE\DMA\DMA.c(35): warning:  #223-D: function "RCC_AHBPeriphClockCmd" declared implicitly
..\HARDWARE\DMA\DMA.c(35): error:  #20: identifier "RCC_AHBPeriph_DMA2" is undefined
..\HARDWARE\DMA\DMA.c(35): error:  #20: identifier "ENABLE" is undefined
..\HARDWARE\DMA\DMA.c(38): warning:  #223-D: function "DMA_DeInit" declared implicitly
..\HARDWARE\DMA\DMA.c(38): error:  #20: identifier "DMA2_Channel3" is undefined
..\HARDWARE\DMA\DMA.c(40): error:  #20: identifier "uint32_t" is undefined
..\HARDWARE\DMA\DMA.c(40): error:  #31: expression must have integral type
..\HARDWARE\DMA\DMA.c(41): error:  #20: identifier "DMA_DIR_PeripheralDST" is undefined
..\HARDWARE\DMA\DMA.c(43): error:  #20: identifier "DMA_PeripheralInc_Disable" is undefined
..\HARDWARE\DMA\DMA.c(44): error:  #20: identifier "DMA_MemoryInc_Enable" is undefined
..\HARDWARE\DMA\DMA.c(45): error:  #20: identifier "DMA_PeripheralDataSize_HalfWord" is undefined
..\HARDWARE\DMA\DMA.c(46): error:  #20: identifier "DMA_MemoryDataSize_HalfWord" is undefined
..\HARDWARE\DMA\DMA.c(47): error:  #20: identifier "DMA_Mode_Circular" is undefined
..\HARDWARE\DMA\DMA.c(48): error:  #20: identifier "DMA_Priority_VeryHigh" is undefined
..\HARDWARE\DMA\DMA.c(49): error:  #20: identifier "DMA_M2M_Disable" is undefined
..\HARDWARE\DMA\DMA.c(50): warning:  #223-D: function "DMA_Init" declared implicitly
..\HARDWARE\DMA\DMA.c(53): error:  #20: identifier "DMA2_Channel4" is undefined
..\HARDWARE\DMA\DMA.c(59): warning:  #223-D: function "DMA_Cmd" declared implicitly
compiling TIM.c...
..\HARDWARE\TIM\TIM.c(5): error:  #20: identifier "TIM_TimeBaseInitTypeDef" is undefined
..\HARDWARE\TIM\TIM.c(7): warning:  #223-D: function "RCC_APB1PeriphClockCmd" declared implicitly
..\HARDWARE\TIM\TIM.c(7): error:  #20: identifier "RCC_APB1Periph_TIM2" is undefined
..\HARDWARE\TIM\TIM.c(7): error:  #20: identifier "ENABLE" is undefined
..\HARDWARE\TIM\TIM.c(9): warning:  #223-D: function "TIM_TimeBaseStructInit" declared implicitly
..\HARDWARE\TIM\TIM.c(13): error:  #20: identifier "TIM_CounterMode_Up" is undefined
..\HARDWARE\TIM\TIM.c(14): warning:  #223-D: function "TIM_TimeBaseInit" declared implicitly
..\HARDWARE\TIM\TIM.c(14): error:  #20: identifier "TIM6" is undefined
..\HARDWARE\TIM\TIM.c(17): error:  #20: identifier "TIM2" is undefined
..\HARDWARE\TIM\TIM.c(20): warning:  #223-D: function "TIM_SelectOutputTrigger" declared implicitly
..\HARDWARE\TIM\TIM.c(20): error:  #20: identifier "TIM_TRGOSource_Update" is undefined
..\HARDWARE\TIM\TIM.c(24): warning:  #223-D: function "TIM_Cmd" declared implicitly
Target not created
Build target 'Template'
compiling main.c...
compiling stm32f10x_it.c...
compiling system_stm32f10x.c...
compiling misc.c...
compiling stm32f10x_gpio.c...
compiling stm32f10x_rcc.c...
compiling stm32f10x_usart.c...
compiling stm32f10x_dac.c...
compiling stm32f10x_dma.c...
compiling stm32f10x_tim.c...
compiling delay.c...
compiling sys.c...
compiling usart.c...
compiling DAC.c...
compiling DMA.c...
compiling TIM.c...
linking...
Program Size: Code=8928 RO-data=852 RW-data=48 ZI-data=1832  
FromELF: creating hex file...
"..\OBJ\Template.axf" - 0 Error(s), 0 Warning(s).
Build target 'Template'
compiling DAC.c...
..\HARDWARE\DAC\DAC.c(5): error:  #20: identifier "GPIO_InitTypeDef" is undefined
..\HARDWARE\DAC\DAC.c(7): warning:  #223-D: function "RCC_APB2PeriphClockCmd" declared implicitly
..\HARDWARE\DAC\DAC.c(7): error:  #20: identifier "RCC_APB2Periph_AFIO" is undefined
..\HARDWARE\DAC\DAC.c(7): error:  #20: identifier "RCC_APB2Periph_GPIOA" is undefined
..\HARDWARE\DAC\DAC.c(7): error:  #20: identifier "ENABLE" is undefined
..\HARDWARE\DAC\DAC.c(9): error:  #20: identifier "GPIO_Pin_4" is undefined
..\HARDWARE\DAC\DAC.c(9): error:  #20: identifier "GPIO_Pin_5" is undefined
..\HARDWARE\DAC\DAC.c(10): error:  #20: identifier "GPIO_Mode_Out_PP" is undefined
..\HARDWARE\DAC\DAC.c(11): error:  #20: identifier "GPIO_Speed_50MHz" is undefined
..\HARDWARE\DAC\DAC.c(12): warning:  #223-D: function "GPIO_Init" declared implicitly
..\HARDWARE\DAC\DAC.c(12): error:  #20: identifier "GPIOA" is undefined
..\HARDWARE\DAC\DAC.c(17): error:  #20: identifier "DAC_InitTypeDef" is undefined
..\HARDWARE\DAC\DAC.c(19): warning:  #223-D: function "RCC_APB1PeriphClockCmd" declared implicitly
..\HARDWARE\DAC\DAC.c(19): error:  #20: identifier "RCC_APB1Periph_DAC" is undefined
..\HARDWARE\DAC\DAC.c(19): error:  #20: identifier "ENABLE" is undefined
..\HARDWARE\DAC\DAC.c(22): warning:  #223-D: function "DAC_StructInit" declared implicitly
..\HARDWARE\DAC\DAC.c(23): error:  #20: identifier "DAC_Trigger_T2_TRGO" is undefined
..\HARDWARE\DAC\DAC.c(24): error:  #20: identifier "DAC_WaveGeneration_None" is undefined
..\HARDWARE\DAC\DAC.c(25): error:  #20: identifier "DAC_OutputBuffer_Disable" is undefined
..\HARDWARE\DAC\DAC.c(26): warning:  #223-D: function "DAC_Init" declared implicitly
..\HARDWARE\DAC\DAC.c(26): error:  #20: identifier "DAC_Channel_1" is undefined
..\HARDWARE\DAC\DAC.c(29): error:  #20: identifier "DAC_Trigger_T6_TRGO" is undefined
..\HARDWARE\DAC\DAC.c(30): error:  #20: identifier "DAC_Channel_2" is undefined
..\HARDWARE\DAC\DAC.c(33): warning:  #223-D: function "DAC_Cmd" declared implicitly
..\HARDWARE\DAC\DAC.c(38): warning:  #223-D: function "DAC_DMACmd" declared implicitly
compiling DMA.c...
..\HARDWARE\DMA\DMA.c(3): error:  #20: identifier "uint16_t" is undefined
..\HARDWARE\DMA\DMA.c(33): error:  #20: identifier "DMA_InitTypeDef" is undefined
..\HARDWARE\DMA\DMA.c(35): warning:  #223-D: function "RCC_AHBPeriphClockCmd" declared implicitly
..\HARDWARE\DMA\DMA.c(35): error:  #20: identifier "RCC_AHBPeriph_DMA2" is undefined
..\HARDWARE\DMA\DMA.c(35): error:  #20: identifier "ENABLE" is undefined
..\HARDWARE\DMA\DMA.c(38): warning:  #223-D: function "DMA_DeInit" declared implicitly
..\HARDWARE\DMA\DMA.c(38): error:  #20: identifier "DMA2_Channel3" is undefined
..\HARDWARE\DMA\DMA.c(40): error:  #20: identifier "uint32_t" is undefined
..\HARDWARE\DMA\DMA.c(40): error:  #31: expression must have integral type
..\HARDWARE\DMA\DMA.c(41): error:  #20: identifier "DMA_DIR_PeripheralDST" is undefined
..\HARDWARE\DMA\DMA.c(43): error:  #20: identifier "DMA_PeripheralInc_Disable" is undefined
..\HARDWARE\DMA\DMA.c(44): error:  #20: identifier "DMA_MemoryInc_Enable" is undefined
..\HARDWARE\DMA\DMA.c(45): error:  #20: identifier "DMA_PeripheralDataSize_HalfWord" is undefined
..\HARDWARE\DMA\DMA.c(46): error:  #20: identifier "DMA_MemoryDataSize_HalfWord" is undefined
..\HARDWARE\DMA\DMA.c(47): error:  #20: identifier "DMA_Mode_Circular" is undefined
..\HARDWARE\DMA\DMA.c(48): error:  #20: identifier "DMA_Priority_VeryHigh" is undefined
..\HARDWARE\DMA\DMA.c(49): error:  #20: identifier "DMA_M2M_Disable" is undefined
..\HARDWARE\DMA\DMA.c(50): warning:  #223-D: function "DMA_Init" declared implicitly
..\HARDWARE\DMA\DMA.c(53): error:  #20: identifier "DMA2_Channel4" is undefined
..\HARDWARE\DMA\DMA.c(59): warning:  #223-D: function "DMA_Cmd" declared implicitly
compiling TIM.c...
..\HARDWARE\TIM\TIM.c(5): error:  #20: identifier "TIM_TimeBaseInitTypeDef" is undefined
..\HARDWARE\TIM\TIM.c(7): warning:  #223-D: function "RCC_APB1PeriphClockCmd" declared implicitly
..\HARDWARE\TIM\TIM.c(7): error:  #20: identifier "RCC_APB1Periph_TIM2" is undefined
..\HARDWARE\TIM\TIM.c(7): error:  #20: identifier "ENABLE" is undefined
..\HARDWARE\TIM\TIM.c(9): warning:  #223-D: function "TIM_TimeBaseStructInit" declared implicitly
..\HARDWARE\TIM\TIM.c(13): error:  #20: identifier "TIM_CounterMode_Up" is undefined
..\HARDWARE\TIM\TIM.c(14): warning:  #223-D: function "TIM_TimeBaseInit" declared implicitly
..\HARDWARE\TIM\TIM.c(14): error:  #20: identifier "TIM6" is undefined
..\HARDWARE\TIM\TIM.c(17): error:  #20: identifier "TIM2" is undefined
..\HARDWARE\TIM\TIM.c(20): warning:  #223-D: function "TIM_SelectOutputTrigger" declared implicitly
..\HARDWARE\TIM\TIM.c(20): error:  #20: identifier "TIM_TRGOSource_Update" is undefined
..\HARDWARE\TIM\TIM.c(24): warning:  #223-D: function "TIM_Cmd" declared implicitly
Target not created
Build target 'Template'
compiling DAC.c...
compiling DMA.c...
compiling TIM.c...
linking...
Program Size: Code=8928 RO-data=852 RW-data=48 ZI-data=1832  
FromELF: creating hex file...
"..\OBJ\Template.axf" - 0 Error(s), 0 Warning(s).
Build target 'Template'
compiling DAC.c...
compiling DMA.c...
compiling TIM.c...
linking...
Program Size: Code=8828 RO-data=852 RW-data=48 ZI-data=1832  
FromELF: creating hex file...
"..\OBJ\Template.axf" - 0 Error(s), 0 Warning(s).
Build target 'Template'
compiling DMA.c...
linking...
Program Size: Code=8868 RO-data=852 RW-data=48 ZI-data=1832  
FromELF: creating hex file...
"..\OBJ\Template.axf" - 0 Error(s), 0 Warning(s).
Build target 'Template'
compiling DAC.c...
linking...
Program Size: Code=8896 RO-data=852 RW-data=48 ZI-data=1832  
FromELF: creating hex file...
"..\OBJ\Template.axf" - 0 Error(s), 0 Warning(s).
Build target 'Template'
compiling TIM.c...
linking...
Program Size: Code=8928 RO-data=852 RW-data=48 ZI-data=1832  
FromELF: creating hex file...
"..\OBJ\Template.axf" - 0 Error(s), 0 Warning(s).
Build target 'Template'
compiling TIM.c...
linking...
Program Size: Code=8928 RO-data=852 RW-data=48 ZI-data=1832  
FromELF: creating hex file...
"..\OBJ\Template.axf" - 0 Error(s), 0 Warning(s).
Build target 'Template'
compiling TIM.c...
linking...
Program Size: Code=8896 RO-data=852 RW-data=48 ZI-data=1832  
FromELF: creating hex file...
"..\OBJ\Template.axf" - 0 Error(s), 0 Warning(s).
Build target 'Template'
compiling TIM.c...
linking...
Program Size: Code=8896 RO-data=852 RW-data=48 ZI-data=1832  
FromELF: creating hex file...
"..\OBJ\Template.axf" - 0 Error(s), 0 Warning(s).
Load "..\\OBJ\\Template.AXF" 
USB Communication Failure
Load "..\\OBJ\\Template.AXF" 
USB Communication Failure
Load "..\\OBJ\\Template.AXF" 
USB Communication Failure
Build target 'Template'
linking...
Program Size: Code=8896 RO-data=852 RW-data=48 ZI-data=1832  
FromELF: creating hex file...
"..\OBJ\Template.axf" - 0 Error(s), 0 Warning(s).
Load "..\\OBJ\\Template.AXF" 
USB Communication Failure
Build target 'Template'
linking...
Program Size: Code=8896 RO-data=852 RW-data=48 ZI-data=1832  
FromELF: creating hex file...
"..\OBJ\Template.axf" - 0 Error(s), 0 Warning(s).
Build target 'Template'
linking...
Program Size: Code=8896 RO-data=852 RW-data=48 ZI-data=1832  
FromELF: creating hex file...
"..\OBJ\Template.axf" - 0 Error(s), 0 Warning(s).
Build target 'Template'
compiling DMA.c...
linking...
Program Size: Code=8856 RO-data=852 RW-data=48 ZI-data=1832  
FromELF: creating hex file...
"..\OBJ\Template.axf" - 0 Error(s), 0 Warning(s).
Build target 'Template'
compiling DMA.c...
linking...
Program Size: Code=8856 RO-data=852 RW-data=48 ZI-data=1832  
FromELF: creating hex file...
"..\OBJ\Template.axf" - 0 Error(s), 0 Warning(s).
Build target 'Template'
compiling DMA.c...
linking...
Program Size: Code=8896 RO-data=852 RW-data=48 ZI-data=1832  
FromELF: creating hex file...
"..\OBJ\Template.axf" - 0 Error(s), 0 Warning(s).
Build target 'Template'
compiling DMA.c...
linking...
Program Size: Code=8888 RO-data=852 RW-data=48 ZI-data=1832  
FromELF: creating hex file...
"..\OBJ\Template.axf" - 0 Error(s), 0 Warning(s).
Build target 'Template'
compiling DMA.c...
linking...
Program Size: Code=8888 RO-data=852 RW-data=48 ZI-data=1832  
FromELF: creating hex file...
"..\OBJ\Template.axf" - 0 Error(s), 0 Warning(s).
Build target 'Template'
compiling DMA.c...
linking...
Program Size: Code=8856 RO-data=852 RW-data=48 ZI-data=1832  
FromELF: creating hex file...
"..\OBJ\Template.axf" - 0 Error(s), 0 Warning(s).
Build target 'Template'
compiling DAC.c...
linking...
Program Size: Code=8828 RO-data=852 RW-data=48 ZI-data=1832  
FromELF: creating hex file...
"..\OBJ\Template.axf" - 0 Error(s), 0 Warning(s).
