<html>
<body>
<pre>
<h1>礦ision Build Log</h1>
<h2>Project:</h2>
F:\开发板\STM32F107网络学习板V3.0\开发板例程\裸机版\SPI通讯实验--读写SST25F016B（裸机）\Project\RVMDK\Project.uvproj
Project File Date:  10/01/2013

<h2>Output:</h2>
Build target 'ZFWL'
compiling stm32f10x_it.c...
..\inc\main.h(13): error:  #5: cannot open source input file "SCI.H": No such file or directory
compiling main.c...
..\inc\main.h(13): error:  #5: cannot open source input file "SCI.H": No such file or directory
compiling stm32f107.c...
compiling SCI.c...
compiling 24C02.c...
compiling SST25VF016B.c...
compiling FlashDriver.c...
compiling stm32f10x_usart.c...
compiling stm32f10x_gpio.c...
compiling stm32f10x_rcc.c...
compiling stm32f10x_spi.c...
compiling stm32f10x_exti.c...
compiling stm32f10x_flash.c...
compiling misc.c...
compiling stm32f10x_adc.c...
compiling stm32f10x_tim.c...
compiling stm32f10x_i2c.c...
compiling system_stm32f10x.c...
compiling core_cm3.c...
Target not created
Build target 'ZFWL'
compiling stm32f10x_it.c...
..\inc\main.h(13): error:  #5: cannot open source input file "SCI.H": No such file or directory
compiling main.c...
..\inc\main.h(13): error:  #5: cannot open source input file "SCI.H": No such file or directory
compiling SCI.c...
..\inc\main.h(13): error:  #5: cannot open source input file "SCI.H": No such file or directory
compiling 24C02.c...
..\inc\main.h(13): error:  #5: cannot open source input file "SCI.H": No such file or directory
Target not created
Build target 'ZFWL'
compiling stm32f10x_it.c...
..\src\stm32f10x_it.c(137): warning:  #223-D: function "Time_Update" declared implicitly
..\src\stm32f10x_it.c(139): error:  #159: declaration is incompatible with previous "Time_Update" (declared at line 137)
compiling main.c...
compiling stm32f107.c...
compiling SCI.c...
compiling 24C02.c...
compiling SST25VF016B.c...
compiling FlashDriver.c...
compiling stm32f10x_usart.c...
compiling stm32f10x_gpio.c...
compiling stm32f10x_rcc.c...
compiling stm32f10x_spi.c...
compiling stm32f10x_exti.c...
compiling stm32f10x_flash.c...
compiling misc.c...
compiling stm32f10x_adc.c...
compiling stm32f10x_tim.c...
compiling stm32f10x_i2c.c...
compiling system_stm32f10x.c...
compiling core_cm3.c...
Target not created
Build target 'ZFWL'
compiling stm32f10x_it.c...
linking...
Program Size: Code=3856 RO-data=368 RW-data=40 ZI-data=1832  
".\Obj\STM3210C-EVAL.axf" - 0 Error(s), 0 Warning(s).
Load "F:\\开发板\\STM32F107网络学习板V3.0\\开发板例程\\裸机版\\SPI通讯实验--读写SST25F016B（裸机）\\Project\\RVMDK\\Obj\\STM3210C-EVAL.AXF" 
Set JLink Project File to "F:\开发板\STM32F107网络学习板V3.0\开发板例程\裸机版\SPI通讯实验--读写SST25F016B（裸机）\Project\RVMDK\JLinkSettings.ini"
 
JLink info:
------------
DLL: V4.20p, compiled Nov 19 2010 15:55:07
Firmware: J-Link ARM V8 compiled Sep  2 2011 17:54:36
Hardware: V8.00
S/N : 304230680 
Feature(s) : RDI,FlashDL,FlashBP,JFlash,GDBFULL 
 
* JLink Info: TotalIRLen = 9, IRPrint = 0x0011
* JLink Info: Found Cortex-M3 r1p1, Little endian.
* JLink Info: TPIU fitted.
* JLink Info: ETM fitted.
* JLink Info:   FPUnit: 6 code (BP) slots and 2 literal slots
ROMTableAddr = 0xE00FF003
 
Target info:
------------
Device: STM32F107xC
VTarget = 3.313V
State of Pins: 
TCK: 1, TDI: 0, TDO: 1, TMS: 0, TRES: 1, TRST: 1
Hardware-Breakpoints: 6
Software-Breakpoints: 2048
Watchpoints:          0
JTAG speed: 2000 kHz
 
Erase Done.
Programming Done.
Verify OK.
Build target 'ZFWL'
linking...
Program Size: Code=3856 RO-data=368 RW-data=40 ZI-data=1832  
".\Obj\STM3210C-EVAL.axf" - 0 Error(s), 0 Warning(s).
Build target 'ZFWL'
linking...
Program Size: Code=3856 RO-data=368 RW-data=40 ZI-data=1832  
".\Obj\STM3210C-EVAL.axf" - 0 Error(s), 0 Warning(s).
Build target 'ZFWL'
linking...
Program Size: Code=3856 RO-data=368 RW-data=40 ZI-data=1832  
".\Obj\STM3210C-EVAL.axf" - 0 Error(s), 0 Warning(s).
