<html>
<body>
<pre>
<h1>礦ision Build Log</h1>
<h2>Project:</h2>
F:\开发板\STM32F107网络学习板V3.0\开发板例程\裸机版\16通道ADC采集实验（裸机）\Project\RVMDK\Project.uvproj
Project File Date:  10/12/2014

<h2>Output:</h2>
Load "F:\\开发板\\STM32F107网络学习板V3.0\\开发板例程\\裸机版\\16通道ADC采集实验（裸机）\\Project\\RVMDK\\Obj\\STM3210C-EVAL.AXF" 
* JLink Info: Device "STM32F107RC" selected (256 KB flash, 20 KB RAM).
Set JLink Project File to "F:\开发板\STM32F107网络学习板V3.0\开发板例程\裸机版\16通道ADC采集实验（裸机）\Project\RVMDK\JLinkSettings.ini"
 
JLink info:
------------
DLL: V4.50j, compiled Jun 26 2012 09:19:07
Firmware: J-Link ARM V8 compiled Jun 19 2012 11:29:30
Hardware: V8.00
S/N : 304230680 
Feature(s) : RDI,FlashDL,FlashBP,JFlash,GDBFULL 
 
* JLink Info: Found SWD-DP with ID 0x1BA01477
* JLink Info: Found SWD-DP with ID 0x1BA01477
* JLink Info: TPIU fitted.
* JLink Info: ETM fitted.
* JLink Info: FPUnit: 6 code (BP) slots and 2 literal slots
* JLink Info: Found Cortex-M3 r1p1, Little endian.
ROMTableAddr = 0xE00FF003
 
Target info:
------------
Device: STM32F107xC
VTarget = 3.338V
State of Pins: 
TCK: 0, TDI: 1, TDO: 0, TMS: 1, TRES: 1, TRST: 1
Hardware-Breakpoints: 6
Software-Breakpoints: 8192
Watchpoints:          4
JTAG speed: 2000 kHz
 
Erase Done.
Programming Done.
Verify OK.
Application running ...
Load "F:\\开发板\\STM32F107网络学习板V3.0\\开发板例程\\裸机版\\16通道ADC采集实验（裸机）\\Project\\RVMDK\\Obj\\STM3210C-EVAL.AXF" 
* JLink Info: Device "STM32F107RC" selected (256 KB flash, 20 KB RAM).
Set JLink Project File to "F:\开发板\STM32F107网络学习板V3.0\开发板例程\裸机版\16通道ADC采集实验（裸机）\Project\RVMDK\JLinkSettings.ini"
 
JLink info:
------------
DLL: V4.50j, compiled Jun 26 2012 09:19:07
Firmware: J-Link ARM V8 compiled Jun 19 2012 11:29:30
Hardware: V8.00
S/N : 304230680 
Feature(s) : RDI,FlashDL,FlashBP,JFlash,GDBFULL 
 
* JLink Info: Found SWD-DP with ID 0x1BA01477
* JLink Info: Found SWD-DP with ID 0x1BA01477
* JLink Info: TPIU fitted.
* JLink Info: ETM fitted.
* JLink Info: FPUnit: 6 code (BP) slots and 2 literal slots
* JLink Info: Found Cortex-M3 r1p1, Little endian.
ROMTableAddr = 0xE00FF003
 
Target info:
------------
Device: STM32F107xC
VTarget = 3.338V
State of Pins: 
TCK: 0, TDI: 1, TDO: 0, TMS: 1, TRES: 1, TRST: 1
Hardware-Breakpoints: 6
Software-Breakpoints: 8192
Watchpoints:          4
JTAG speed: 2000 kHz
 
Erase Done.
Programming Done.
Verify OK.
Application running ...
Build target 'ZFWL'
compiling stm32f10x_it.c...
compiling main.c...
compiling stm32f107.c...
compiling SCI.c...
compiling adc.c...
compiling SysTick.C...
compiling stm32f10x_usart.c...
compiling stm32f10x_gpio.c...
compiling stm32f10x_rcc.c...
compiling stm32f10x_spi.c...
compiling stm32f10x_exti.c...
compiling stm32f10x_flash.c...
compiling misc.c...
compiling stm32f10x_adc.c...
compiling stm32f10x_tim.c...
compiling stm32f10x_i2c.c...
compiling stm32f10x_dma.c...
compiling system_stm32f10x.c...
compiling core_cm3.c...
assembling startup_stm32f10x_cl.s...
linking...
Program Size: Code=7148 RO-data=368 RW-data=44 ZI-data=1260  
FromELF: creating hex file...
".\Obj\STM3210C-EVAL.axf" - 0 Error(s), 0 Warning(s).
Load "F:\\开发板\\STM32F107网络学习板V3.0\\开发板例程\\裸机版\\16通道ADC采集实验（裸机）\\Project\\RVMDK\\Obj\\STM3210C-EVAL.AXF" 
* JLink Info: Device "STM32F107RC" selected (256 KB flash, 20 KB RAM).
Set JLink Project File to "F:\开发板\STM32F107网络学习板V3.0\开发板例程\裸机版\16通道ADC采集实验（裸机）\Project\RVMDK\JLinkSettings.ini"
 
JLink info:
------------
DLL: V4.50j, compiled Jun 26 2012 09:19:07
Firmware: J-Link ARM V8 compiled Jun 19 2012 11:29:30
Hardware: V8.00
S/N : 304230680 
Feature(s) : RDI,FlashDL,FlashBP,JFlash,GDBFULL 
 
* JLink Info: Found SWD-DP with ID 0x1BA01477
* JLink Info: Found SWD-DP with ID 0x1BA01477
* JLink Info: TPIU fitted.
* JLink Info: ETM fitted.
* JLink Info: FPUnit: 6 code (BP) slots and 2 literal slots
* JLink Info: Found Cortex-M3 r1p1, Little endian.
ROMTableAddr = 0xE00FF003
 
Target info:
------------
Device: STM32F107xC
VTarget = 3.338V
State of Pins: 
TCK: 0, TDI: 1, TDO: 0, TMS: 1, TRES: 1, TRST: 1
Hardware-Breakpoints: 6
Software-Breakpoints: 8192
Watchpoints:          4
JTAG speed: 2000 kHz
 
Erase Done.
Programming Done.
Verify OK.
Application running ...
Build target 'ZFWL'
compiling adc.c...
linking...
Program Size: Code=7148 RO-data=368 RW-data=44 ZI-data=1260  
FromELF: creating hex file...
".\Obj\STM3210C-EVAL.axf" - 0 Error(s), 0 Warning(s).
Load "F:\\开发板\\STM32F107网络学习板V3.0\\开发板例程\\裸机版\\16通道ADC采集实验（裸机）\\Project\\RVMDK\\Obj\\STM3210C-EVAL.AXF" 
* JLink Info: Device "STM32F107RC" selected (256 KB flash, 20 KB RAM).
Set JLink Project File to "F:\开发板\STM32F107网络学习板V3.0\开发板例程\裸机版\16通道ADC采集实验（裸机）\Project\RVMDK\JLinkSettings.ini"
 
JLink info:
------------
DLL: V4.50j, compiled Jun 26 2012 09:19:07
Firmware: J-Link ARM V8 compiled Jun 19 2012 11:29:30
Hardware: V8.00
S/N : 304230680 
Feature(s) : RDI,FlashDL,FlashBP,JFlash,GDBFULL 
 
* JLink Info: Found SWD-DP with ID 0x1BA01477
* JLink Info: Found SWD-DP with ID 0x1BA01477
* JLink Info: TPIU fitted.
* JLink Info: ETM fitted.
* JLink Info: FPUnit: 6 code (BP) slots and 2 literal slots
* JLink Info: Found Cortex-M3 r1p1, Little endian.
ROMTableAddr = 0xE00FF003
 
Target info:
------------
Device: STM32F107xC
VTarget = 3.338V
State of Pins: 
TCK: 0, TDI: 1, TDO: 0, TMS: 1, TRES: 1, TRST: 1
Hardware-Breakpoints: 6
Software-Breakpoints: 8192
Watchpoints:          4
JTAG speed: 2000 kHz
 
Erase Done.
Programming Done.
Verify OK.
Application running ...
Build target 'ZFWL'
compiling adc.c...
linking...
Program Size: Code=7148 RO-data=368 RW-data=44 ZI-data=1260  
FromELF: creating hex file...
".\Obj\STM3210C-EVAL.axf" - 0 Error(s), 0 Warning(s).
Build target 'ZFWL'
compiling adc.c...
linking...
Program Size: Code=7148 RO-data=368 RW-data=44 ZI-data=1260  
FromELF: creating hex file...
".\Obj\STM3210C-EVAL.axf" - 0 Error(s), 0 Warning(s).
Load "F:\\开发板\\STM32F107网络学习板V3.0\\开发板例程\\裸机版\\16通道ADC采集实验（裸机）\\Project\\RVMDK\\Obj\\STM3210C-EVAL.AXF" 
* JLink Info: Device "STM32F107RC" selected (256 KB flash, 20 KB RAM).
Set JLink Project File to "F:\开发板\STM32F107网络学习板V3.0\开发板例程\裸机版\16通道ADC采集实验（裸机）\Project\RVMDK\JLinkSettings.ini"
 
JLink info:
------------
DLL: V4.50j, compiled Jun 26 2012 09:19:07
Firmware: J-Link ARM V8 compiled Jun 19 2012 11:29:30
Hardware: V8.00
S/N : 304230680 
Feature(s) : RDI,FlashDL,FlashBP,JFlash,GDBFULL 
 
* JLink Info: Found SWD-DP with ID 0x1BA01477
* JLink Info: Found SWD-DP with ID 0x1BA01477
* JLink Info: TPIU fitted.
* JLink Info: ETM fitted.
* JLink Info: FPUnit: 6 code (BP) slots and 2 literal slots
* JLink Info: Found Cortex-M3 r1p1, Little endian.
ROMTableAddr = 0xE00FF003
 
Target info:
------------
Device: STM32F107xC
VTarget = 3.338V
State of Pins: 
TCK: 0, TDI: 1, TDO: 0, TMS: 1, TRES: 1, TRST: 1
Hardware-Breakpoints: 6
Software-Breakpoints: 8192
Watchpoints:          4
JTAG speed: 2000 kHz
 
Erase Done.
Programming Done.
Verify OK.
Application running ...
Build target 'ZFWL'
linking...
Program Size: Code=7148 RO-data=368 RW-data=44 ZI-data=1260  
FromELF: creating hex file...
".\Obj\STM3210C-EVAL.axf" - 0 Error(s), 0 Warning(s).
Build target 'ZFWL'
linking...
Program Size: Code=7148 RO-data=368 RW-data=44 ZI-data=1260  
FromELF: creating hex file...
".\Obj\STM3210C-EVAL.axf" - 0 Error(s), 0 Warning(s).
