<html>
<body>
<pre>
<h1>礦ision Build Log</h1>
<h2>Project:</h2>
F:\开发板\STM32F107网络学习板V3.0\开发板例程\裸机版\I2C通讯实验--读写24C02_硬件方式（裸机）\Project\RVMDK\Project.uvproj
Project File Date:  11/17/2013

<h2>Output:</h2>
Build target 'ZFWL'
compiling stm32f10x_it.c...
..\inc\main.h(13): error:  #5: cannot open source input file "SCI.H": No such file or directory
compiling main.c...
..\inc\main.h(13): error:  #5: cannot open source input file "SCI.H": No such file or directory
compiling stm32f107.c...
..\src\stm32f107.c(10): warning:  #9-D: nested comment is not allowed
..\src\stm32f107.c(19): warning:  #177-D: variable "RCC_Clocks" was declared but never referenced
compiling SCI.c...
..\inc\main.h(13): error:  #5: cannot open source input file "SCI.H": No such file or directory
compiling 24C02.c...
..\inc\main.h(13): error:  #5: cannot open source input file "SCI.H": No such file or directory
compiling stm32f10x_usart.c...
compiling stm32f10x_gpio.c...
compiling stm32f10x_rcc.c...
compiling stm32f10x_spi.c...
compiling stm32f10x_exti.c...
compiling stm32f10x_flash.c...
compiling misc.c...
compiling stm32f10x_adc.c...
compiling stm32f10x_tim.c...
compiling stm32f10x_i2c.c...
compiling system_stm32f10x.c...
compiling core_cm3.c...
assembling startup_stm32f10x_cl.s...
Target not created
Build target 'ZFWL'
compiling stm32f10x_it.c...
..\src\stm32f10x_it.c(25): error:  #5: cannot open source input file "stm32_eth.h": No such file or directory
compiling main.c...
..\src\SCI.H(31): warning:  #1-D: last line of file ends without a newline
..\src\main.c(16): warning:  #223-D: function "USART_Configuration" declared implicitly
compiling stm32f107.c...
..\src\stm32f107.c(10): warning:  #9-D: nested comment is not allowed
..\src\stm32f107.c(19): warning:  #177-D: variable "RCC_Clocks" was declared but never referenced
compiling SCI.c...
..\src\SCI.H(31): warning:  #1-D: last line of file ends without a newline
..\src\SCI.c(12): warning:  #520-D: initialization with "{...}" expected for aggregate object
..\src\SCI.c(13): warning:  #520-D: initialization with "{...}" expected for aggregate object
..\src\SCI.c(224): warning:  #1-D: last line of file ends without a newline
compiling 24C02.c...
..\src\SCI.H(31): warning:  #1-D: last line of file ends without a newline
compiling stm32f10x_usart.c...
compiling stm32f10x_gpio.c...
compiling stm32f10x_rcc.c...
compiling stm32f10x_spi.c...
compiling stm32f10x_exti.c...
compiling stm32f10x_flash.c...
compiling misc.c...
compiling stm32f10x_adc.c...
compiling stm32f10x_tim.c...
compiling stm32f10x_i2c.c...
compiling system_stm32f10x.c...
compiling core_cm3.c...
Target not created
Build target 'ZFWL'
compiling stm32f10x_it.c...
..\src\SCI.H(31): warning:  #1-D: last line of file ends without a newline
linking...
Program Size: Code=3272 RO-data=368 RW-data=36 ZI-data=1836  
".\Obj\STM3210C-EVAL.axf" - 0 Error(s), 1 Warning(s).
Rebuild target 'ZFWL'
compiling stm32f10x_it.c...
compiling main.c...
..\src\main.c(16): warning:  #223-D: function "USART_Configuration" declared implicitly
compiling stm32f107.c...
..\src\stm32f107.c(10): warning:  #9-D: nested comment is not allowed
..\src\stm32f107.c(19): warning:  #177-D: variable "RCC_Clocks" was declared but never referenced
compiling SCI.c...
..\src\SCI.c(12): warning:  #520-D: initialization with "{...}" expected for aggregate object
..\src\SCI.c(13): warning:  #520-D: initialization with "{...}" expected for aggregate object
..\src\SCI.c(224): warning:  #1-D: last line of file ends without a newline
compiling 24C02.c...
compiling stm32f10x_usart.c...
compiling stm32f10x_gpio.c...
compiling stm32f10x_rcc.c...
compiling stm32f10x_spi.c...
compiling stm32f10x_exti.c...
compiling stm32f10x_flash.c...
compiling misc.c...
compiling stm32f10x_adc.c...
compiling stm32f10x_tim.c...
compiling stm32f10x_i2c.c...
compiling system_stm32f10x.c...
compiling core_cm3.c...
assembling startup_stm32f10x_cl.s...
linking...
Program Size: Code=3272 RO-data=368 RW-data=36 ZI-data=1836  
".\Obj\STM3210C-EVAL.axf" - 0 Error(s), 6 Warning(s).
Build target 'ZFWL'
compiling stm32f10x_it.c...
compiling main.c...
compiling stm32f107.c...
..\src\stm32f107.c(69): error:  #20: identifier "GPIO_InitStructure" is undefined
compiling SCI.c...
..\src\SCI.c(224): warning:  #1-D: last line of file ends without a newline
compiling 24C02.c...
Target not created
Build target 'ZFWL'
compiling stm32f107.c...
linking...
Program Size: Code=3272 RO-data=368 RW-data=36 ZI-data=1836  
".\Obj\STM3210C-EVAL.axf" - 0 Error(s), 0 Warning(s).
Rebuild target 'ZFWL'
compiling stm32f10x_it.c...
compiling main.c...
compiling stm32f107.c...
compiling SCI.c...
..\src\SCI.c(224): warning:  #1-D: last line of file ends without a newline
compiling 24C02.c...
compiling stm32f10x_usart.c...
compiling stm32f10x_gpio.c...
compiling stm32f10x_rcc.c...
compiling stm32f10x_spi.c...
compiling stm32f10x_exti.c...
compiling stm32f10x_flash.c...
compiling misc.c...
compiling stm32f10x_adc.c...
compiling stm32f10x_tim.c...
compiling stm32f10x_i2c.c...
compiling system_stm32f10x.c...
compiling core_cm3.c...
assembling startup_stm32f10x_cl.s...
linking...
Program Size: Code=3272 RO-data=368 RW-data=36 ZI-data=1836  
".\Obj\STM3210C-EVAL.axf" - 0 Error(s), 1 Warning(s).
Build target 'ZFWL'
compiling SCI.c...
linking...
Program Size: Code=3272 RO-data=368 RW-data=36 ZI-data=1836  
".\Obj\STM3210C-EVAL.axf" - 0 Error(s), 0 Warning(s).
Build target 'ZFWL'
linking...
Program Size: Code=3272 RO-data=368 RW-data=36 ZI-data=1836  
".\Obj\STM3210C-EVAL.axf" - 0 Error(s), 0 Warning(s).
Load "F:\\开发板\\STM32F107网络学习板V3.0\\开发板例程\\裸机版\\I2C通讯实验--读写24C02_硬件方式（裸机）\\Project\\RVMDK\\Obj\\STM3210C-EVAL.AXF" 
Set JLink Project File to "F:\开发板\STM32F107网络学习板V3.0\开发板例程\裸机版\I2C通讯实验--读写24C02_硬件方式（裸机）\Project\RVMDK\JLinkSettings.ini"
 
JLink info:
------------
DLL: V4.20p, compiled Nov 19 2010 15:55:07
Firmware: J-Link ARM V8 compiled Sep  2 2011 17:54:36
Hardware: V8.00
S/N : 304230680 
Feature(s) : RDI,FlashDL,FlashBP,JFlash,GDBFULL 
 
* JLink Info: TotalIRLen = 9, IRPrint = 0x0011
* JLink Info: Found Cortex-M3 r1p1, Little endian.
* JLink Info: TPIU fitted.
* JLink Info: ETM fitted.
* JLink Info:   FPUnit: 6 code (BP) slots and 2 literal slots
ROMTableAddr = 0xE00FF003
 
Target info:
------------
Device: STM32F107xC
VTarget = 3.306V
State of Pins: 
TCK: 1, TDI: 0, TDO: 1, TMS: 0, TRES: 1, TRST: 1
Hardware-Breakpoints: 6
Software-Breakpoints: 2048
Watchpoints:          4
JTAG speed: 2000 kHz
 
Erase Done.
Programming Done.
Verify OK.
Build target 'ZFWL'
linking...
Program Size: Code=3272 RO-data=368 RW-data=36 ZI-data=1836  
".\Obj\STM3210C-EVAL.axf" - 0 Error(s), 0 Warning(s).
Load "F:\\开发板\\STM32F107网络学习板V3.0\\开发板例程\\裸机版\\I2C通讯实验--读写24C02_硬件方式（裸机）\\Project\\RVMDK\\Obj\\STM3210C-EVAL.AXF" 
Set JLink Project File to "F:\开发板\STM32F107网络学习板V3.0\开发板例程\裸机版\I2C通讯实验--读写24C02_硬件方式（裸机）\Project\RVMDK\JLinkSettings.ini"
 
JLink info:
------------
DLL: V4.20p, compiled Nov 19 2010 15:55:07
Firmware: J-Link ARM V8 compiled Sep  2 2011 17:54:36
Hardware: V8.00
S/N : 304230680 
Feature(s) : RDI,FlashDL,FlashBP,JFlash,GDBFULL 
 
* JLink Info: TotalIRLen = 9, IRPrint = 0x0011
* JLink Info: Found Cortex-M3 r1p1, Little endian.
* JLink Info: TPIU fitted.
* JLink Info: ETM fitted.
* JLink Info:   FPUnit: 6 code (BP) slots and 2 literal slots
ROMTableAddr = 0xE00FF003
 
Target info:
------------
Device: STM32F107xC
VTarget = 3.306V
State of Pins: 
TCK: 1, TDI: 0, TDO: 1, TMS: 0, TRES: 1, TRST: 1
Hardware-Breakpoints: 6
Software-Breakpoints: 2048
Watchpoints:          0
JTAG speed: 2000 kHz
 
Erase Done.
Programming Done.
Verify OK.
* JLink Info: TotalIRLen = 9, IRPrint = 0x0011
* JLink Info: Found Cortex-M3 r1p1, Little endian.
* JLink Info: TPIU fitted.
* JLink Info: ETM fitted.
* JLink Info:   FPUnit: 6 code (BP) slots and 2 literal slots
Application running ...
